package: name='com.aapt.app' versionCode='222' versionName='222' platformBuildVersionName='12' platformBuildVersionCode='32' compileSdkVersion='32' compileSdkVersionCodename='12'
minSdkVersion:'22'
targetSdkVersion:'32'
application: label='App' icon=''
feature-group: label=''
  uses-feature: name='android.hardware.faketouch'
  uses-implied-feature: name='android.hardware.faketouch' reason='default feature for all apps'
supports-screens: 'small' 'normal' 'large' 'xlarge'
supports-any-density: 'true'
locales:
densities:
