package: name='com.example.bundletool.minimal' versionCode='1' versionName='1.0' platformBuildVersionName='12' platformBuildVersionCode='31' compileSdkVersion='31' compileSdkVersionCodename='12'
minSdkVersion:'21'
targetSdkVersion:'31'
uses-configuration: reqTouchScreen='3' reqKeyboardType='2' reqHardKeyboard='-1' reqNavigation='3' reqFiveWayNav='-1'
supports-gl-texture:'GL_OES_compressed_paletted_texture'
uses-permission: name='android.permission.BIND_ACCESSIBILITY_SERVICE' maxSdkVersion='24'
uses-permission-sdk-23: name='android.permission.RECEIVE_SMS'
uses-permission: name='android.permission.WRITE_EXTERNAL_STORAGE'
compatible-screens:'500/240','400/160'
application-label:'minimal'
application-icon-160:'res/uF.xml'
application-icon-240:'res/uF.xml'
application-icon-320:'res/uF.xml'
application-icon-480:'res/uF.xml'
application-icon-640:'res/uF.xml'
application-icon-65534:'res/uF.xml'
application: label='minimal' icon='res/uF.xml'
uses-library:'mylib1'
uses-library-not-required:'my_optional_lib'
uses-native-library:'native1'
uses-native-library-not-required:'optional'
launchable-activity: name='com.example.bundletool.minimal.MainActivity'  label='minimal' icon=''
meta-data: name='android.nfc.cardemulation.host_apdu_service' resource='res/dU.xml'
uses-permission: name='android.permission.READ_EXTERNAL_STORAGE'
uses-implied-permission: name='android.permission.READ_EXTERNAL_STORAGE' reason='requested WRITE_EXTERNAL_STORAGE'
feature-group: label=''
  uses-feature: name='android.hardware.bluetooth'
  uses-feature: name='android.hardware.camera'
  uses-feature: name='android.hardware.faketouch'
  uses-implied-feature: name='android.hardware.faketouch' reason='default feature for all apps'
  uses-feature-sdk-23: name='android.hardware.telephony'
  uses-implied-feature-sdk-23: name='android.hardware.telephony' reason='requested a telephony permission'
provides-component:'app-widget'
provides-component:'device-admin'
provides-component:'ime'
provides-component:'wallpaper'
provides-component:'accessibility'
provides-component:'print-service'
provides-component:'payment'
provides-component:'search'
provides-component:'document-provider'
provides-component:'notification-listener'
provides-component:'dream'
provides-component:'camera'
provides-component:'camera-secure'
main
other-receivers
other-services
supports-screens: 'normal' 'large' 'xlarge'
supports-any-density: 'true'
requires-smallest-width:'240'
compatible-width-limit:'360'
largest-width-limit:'480'
locales: '--_--'
densities: '160' '240' '320' '480' '640' '65534'
native-code: 'x86_64'
alt-native-code: 'x86'
