package: name='com.lato.bubblegirl' versionCode='33' versionName='1.0.0' platformBuildVersionName='8.1.0' platformBuildVersionCode='27'
minSdkVersion:'19'
targetSdkVersion:'26'
application-label:'Bubble Girl'
application-label-ar:'Bubble Girl'
application-label-az:'Bubble Girl'
application-label-be:'Bubble Girl'
application-label-bg:'Bubble Girl'
application-label-bn:'Bubble Girl'
application-label-bs:'Bubble Girl'
application-label-ca:'Bubble Girl'
application-label-cs:'Bubble Girl'
application-label-da:'Bubble Girl'
application-label-de:'Bubble Girl'
application-label-el:'Bubble Girl'
application-label-es:'Bubble Girl'
application-label-es-ES:'Bubble Girl'
application-label-et:'Bubble Girl'
application-label-eu:'Bubble Girl'
application-label-fa:'Bubble Girl'
application-label-fi:'Bubble Girl'
application-label-fr:'Bubble Girl'
application-label-fr-CA:'Bubble Girl'
application-label-gl:'Bubble Girl'
application-label-hi:'Bubble Girl'
application-label-hr:'Bubble Girl'
application-label-hu:'Bubble Girl'
application-label-hy:'Bubble Girl'
application-label-in:'Bubble Girl'
application-label-is:'Bubble Girl'
application-label-it:'Bubble Girl'
application-label-iw:'Bubble Girl'
application-label-ja:'Bubble Girl'
application-label-jv:'Bubble Girl'
application-label-ka:'Bubble Girl'
application-label-kk:'Bubble Girl'
application-label-kn:'Bubble Girl'
application-label-ko:'Bubble Girl'
application-label-lt:'Bubble Girl'
application-label-lv:'Bubble Girl'
application-label-mk:'Bubble Girl'
application-label-ml:'Bubble Girl'
application-label-mr:'Bubble Girl'
application-label-ms:'Bubble Girl'
application-label-nb:'Bubble Girl'
application-label-nl:'Bubble Girl'
application-label-pa:'Bubble Girl'
application-label-pl:'Bubble Girl'
application-label-pt-BR:'Bubble Girl'
application-label-pt-PT:'Bubble Girl'
application-label-ro:'Bubble Girl'
application-label-ru:'Bubble Girl'
application-label-sk:'Bubble Girl'
application-label-sl:'Bubble Girl'
application-label-sq:'Bubble Girl'
application-label-sr:'Bubble Girl'
application-label-su:'Bubble Girl'
application-label-sv:'Bubble Girl'
application-label-ta:'Bubble Girl'
application-label-te:'Bubble Girl'
application-label-th:'Bubble Girl'
application-label-tl:'Bubble Girl'
application-label-tr:'Bubble Girl'
application-label-tt:'Bubble Girl'
application-label-uk:'Bubble Girl'
application-label-vi:'Bubble Girl'
application-label-zh-CN:'Bubble Girl'
application-label-zh-HK:'Bubble Girl'
application-label-zh-TW:'Bubble Girl'
application-icon-160:'res/theme/1f.png'
application-icon-240:'res/theme/1f.png'
application-icon-320:'res/theme/1f.png'
application-icon-480:'res/theme/1f.png'
application-icon-640:'res/theme/1f.png'
application: label='Bubble Girl' icon='res/theme/1f.png'
launchable-activity: name='com.sonymobile.runtimeskinning.livewallpaperlib.configactivity.LauncherActivity'  label='' icon=''
uses-library:'com.sony.device'
uses-permission: name='com.sonymobile.permission.RUNTIME_SKIN'
feature-group: label=''
  uses-gl-es: '0x30000'
  uses-feature: name='android.software.live_wallpaper'
  uses-feature: name='android.hardware.faketouch'
  uses-implied-feature: name='android.hardware.faketouch' reason='default feature for all apps'
  uses-feature: name='android.hardware.screen.portrait'
  uses-implied-feature: name='android.hardware.screen.portrait' reason='one or more activities have specified a portrait orientation'
provides-component:'wallpaper'
main
other-activities
supports-screens: 'small' 'normal' 'large' 'xlarge'
supports-any-density: 'true'
locales: '--_--' 'ar' 'az' 'be' 'bg' 'bn' 'bs' 'ca' 'cs' 'da' 'de' 'el' 'es' 'es-ES' 'et' 'eu' 'fa' 'fi' 'fr' 'fr-CA' 'gl' 'hi' 'hr' 'hu' 'hy' 'in' 'is' 'it' 'iw' 'ja' 'jv' 'ka' 'kk' 'kn' 'ko' 'lt' 'lv' 'mk' 'ml' 'mr' 'ms' 'nb' 'nl' 'pa' 'pl' 'pt-BR' 'pt-PT' 'ro' 'ru' 'sk' 'sl' 'sq' 'sr' 'su' 'sv' 'ta' 'te' 'th' 'tl' 'tr' 'tt' 'uk' 'vi' 'zh-CN' 'zh-HK' 'zh-TW'
densities: '160' '240' '320' '480' '640'
