package: name='com.test.e17wmultiapknexus' versionCode='107' versionName='14' platformBuildVersionName='2.3.3' platformBuildVersionCode='10'
minSdkVersion:'1'
application-label:'w45wmultiapknexus_10'
application-icon-120:'res/drawable-ldpi-v4/icon.png'
application-icon-160:'res/drawable-mdpi-v4/icon.png'
application-icon-240:'res/drawable-hdpi-v4/icon.png'
application: label='w45wmultiapknexus_10' icon='res/drawable-mdpi-v4/icon.png'
launchable-activity: name='com.test.e17wmultiapknexus.TestActivity'  label='' icon=''
compatible-screens:'500/320'
uses-permission: name='android.permission.WRITE_EXTERNAL_STORAGE'
uses-implied-permission: name='android.permission.WRITE_EXTERNAL_STORAGE' reason='targetSdkVersion < 4'
uses-permission: name='android.permission.READ_PHONE_STATE'
uses-implied-permission: name='android.permission.READ_PHONE_STATE' reason='targetSdkVersion < 4'
uses-permission: name='android.permission.READ_EXTERNAL_STORAGE'
uses-implied-permission: name='android.permission.READ_EXTERNAL_STORAGE' reason='requested WRITE_EXTERNAL_STORAGE'
feature-group: label=''
  uses-feature: name='android.hardware.faketouch'
  uses-implied-feature: name='android.hardware.faketouch' reason='default feature for all apps'
main
supports-screens: 'small' 'normal' 'large' 'xlarge'
supports-any-density: 'true'
locales: '--_--'
densities: '120' '160' '240'
